PHPUnit 11.5.56 by Sebastian Bergmann and contributors.

Runtime:       PHP 8.3.6
Configuration: /app/phpunit.xml

................................................................. 65 / 67 ( 97%)
..                                                                67 / 67 (100%)

Time: 00:09.611, Memory: 58.50 MB

OK (67 tests, 207 assertions)
